
--- End of Compile-Time Error Report ---
